   1               		.file	"proj2b.c"
   2               	__SP_H__ = 0x3e
   3               	__SP_L__ = 0x3d
   4               	__SREG__ = 0x3f
   5               	__tmp_reg__ = 0
   6               	__zero_reg__ = 1
   8               		.text
   9               	.Ltext0:
 103               		.section	.text.startup,"ax",@progbits
 105               	.global	main
 107               	main:
   1:proj2b.c      **** #include "timer.h"
   2:proj2b.c      **** #include "sensing.h"
   3:proj2b.c      **** #include "iroblife.h"
   4:proj2b.c      **** 
   5:proj2b.c      **** #include "lib2b.h"
   6:proj2b.c      **** 
   7:proj2b.c      **** int main(void) {
 109               	.LM0:
 110               	.LFBB1:
 111               	/* prologue: function */
 112               	/* frame size = 0 */
 113               	/* stack size = 0 */
 114               	.L__stack_usage = 0
   8:proj2b.c      ****     // Submit to irobPeriodic
   9:proj2b.c      ****     setIrobPeriodicImpl(&iroblifePeriodic);
 116               	.LM1:
 117 0000 80E0      		ldi r24,lo8(gs(iroblifePeriodic))
 118 0002 90E0      		ldi r25,hi8(gs(iroblifePeriodic))
 119 0004 0E94 0000 		call setIrobPeriodicImpl
  10:proj2b.c      **** 
  11:proj2b.c      ****     // Initialize the Create
  12:proj2b.c      ****     irobInit();
 121               	.LM2:
 122 0008 0E94 0000 		call irobInit
 123               	.L2:
  13:proj2b.c      **** 
  14:proj2b.c      ****     // Infinite operation loop
  15:proj2b.c      ****     for(;;) {
  16:proj2b.c      ****         // Periodic execution
  17:proj2b.c      ****         irobPeriodic();
 125               	.LM3:
 126 000c 0E94 0000 		call irobPeriodic
  18:proj2b.c      **** 
  19:proj2b.c      ****         // Delay to avoid overflows
  20:proj2b.c      ****         delayMs(UPDATE_SENSOR_DELAY_PERIOD);
 128               	.LM4:
 129 0010 61E0      		ldi r22,lo8(1)
 130 0012 70E0      		ldi r23,0
 131 0014 80E0      		ldi r24,0
 132 0016 90E0      		ldi r25,0
 133 0018 0E94 0000 		call delayMs
  21:proj2b.c      ****         // Wait if sensors coming in so next loop has clean start
  22:proj2b.c      ****         waitForSensors();
 135               	.LM5:
 136 001c 0E94 0000 		call waitForSensors
 137 0020 00C0      		rjmp .L2
 139               	.Lscope1:
 140               		.text
 142               	.Letext0:
 143               		.ident	"GCC: (GNU) 4.8.2"
DEFINED SYMBOLS
                            *ABS*:0000000000000000 proj2b.c
     /tmp/ccvfPsyE.s:2      *ABS*:000000000000003e __SP_H__
     /tmp/ccvfPsyE.s:3      *ABS*:000000000000003d __SP_L__
     /tmp/ccvfPsyE.s:4      *ABS*:000000000000003f __SREG__
     /tmp/ccvfPsyE.s:5      *ABS*:0000000000000000 __tmp_reg__
     /tmp/ccvfPsyE.s:6      *ABS*:0000000000000001 __zero_reg__
     /tmp/ccvfPsyE.s:107    .text.startup:0000000000000000 main

UNDEFINED SYMBOLS
iroblifePeriodic
setIrobPeriodicImpl
irobInit
irobPeriodic
delayMs
waitForSensors
